// Jest Snapshot v1, https://goo.gl/fbAQLP

exports[`Album screen should match snapshot 1`] = `
<View
  style={
    Array [
      undefined,
      undefined,
      Object {
        "flex": 1,
      },
      undefined,
      Object {},
      Object {},
      Object {},
      undefined,
    ]
  }
>
  <RCTScrollView
    getItem={[Function]}
    getItemCount={[Function]}
    keyExtractor={[Function]}
    onContentSizeChange={[Function]}
    onLayout={[Function]}
    onMomentumScrollBegin={[Function]}
    onMomentumScrollEnd={[Function]}
    onScroll={[Function]}
    onScrollBeginDrag={[Function]}
    onScrollEndDrag={[Function]}
    removeClippedSubviews={false}
    renderItem={[Function]}
    scrollEventThrottle={50}
    stickyHeaderIndices={Array []}
    viewabilityConfigCallbackPairs={Array []}
  >
    <View />
  </RCTScrollView>
</View>
`;
